// Jest Snapshot v1, https://goo.gl/fbAQLP

exports[`MetricTabs should render correclty 1`] = `undefined`;
