// Jest Snapshot v1, https://goo.gl/fbAQLP

exports[`Graph channelSet is defined should render correclty 1`] = `undefined`;

exports[`Graph dataHelper is defined should render correclty 1`] = `undefined`;

exports[`Graph dataHelper is defined should render correclty 2`] = `undefined`;
