// Jest Snapshot v1, https://goo.gl/fbAQLP

exports[`TotalsView dataHelper is defined should render correclty 1`] = `undefined`;
