// Jest Snapshot v1, https://goo.gl/fbAQLP

exports[`MapView dataHelper is defined should render correclty 1`] = `undefined`;

exports[`MapView originalRange is defined should render correclty 1`] = `undefined`;

exports[`MapView range is defined should render correclty 1`] = `undefined`;
